// Jest Snapshot v1, https://goo.gl/fbAQLP

exports[`PageNotFound renders correctly 1`] = `
<div
  role="main"
>
  <span>
    
    Error - Page Not Found
  
  </span>
</div>
`;
